================================================================================
 AUDIT TRAIL LOG - DAG: dag_setup_infrastructure
 EXECUTION RUN ID: manual__2026-09-11T10:26:15.328410+00:00
 GENERATED AT: 2026-09-11 10:26:27
================================================================================


################################################################################
--- TASK EXECUTION: create_bronze_tables ---
################################################################################

[2026-09-11T10:26:24.682+0000] {local_task_job_runner.py:120} INFO - ::group::Pre task execution logs
[2026-09-11T10:26:24.797+0000] {taskinstance.py:2073} INFO - Dependencies all met for dep_context=non-requeueable deps ti=<TaskInstance: dag_setup_infrastructure.create_bronze_tables manual__2026-09-11T10:26:15.328410+00:00 [queued]>
[2026-09-11T10:26:24.811+0000] {taskinstance.py:2073} INFO - Dependencies all met for dep_context=requeueable deps ti=<TaskInstance: dag_setup_infrastructure.create_bronze_tables manual__2026-09-11T10:26:15.328410+00:00 [queued]>
[2026-09-11T10:26:24.813+0000] {taskinstance.py:2303} INFO - Starting attempt 1 of 2
[2026-09-11T10:26:24.834+0000] {taskinstance.py:2327} INFO - Executing <Task(PostgresOperator): create_bronze_tables> on 2026-09-11 10:26:15.328410+00:00
[2026-09-11T10:26:24.844+0000] {standard_task_runner.py:90} INFO - Running: ['airflow', 'tasks', 'run', 'dag_setup_infrastructure', 'create_bronze_tables', 'manual__2026-09-11T10:26:15.328410+00:00', '--job-id', '521', '--raw', '--subdir', 'DAGS_FOLDER/dag_setup_lab.py', '--cfg-path', '/tmp/tmpubkmrlrm']
[2026-09-11T10:26:24.847+0000] {logging_mixin.py:188} WARNING - /home/airflow/.local/lib/python3.12/site-packages/airflow/task/task_runner/standard_task_runner.py:61 DeprecationWarning: This process (pid=529) is multi-threaded, use of fork() may lead to deadlocks in the child.
[2026-09-11T10:26:24.848+0000] {standard_task_runner.py:91} INFO - Job 521: Subtask create_bronze_tables
[2026-09-11T10:26:24.848+0000] {standard_task_runner.py:63} INFO - Started process 530 to run task
[2026-09-11T10:26:25.106+0000] {task_command.py:426} INFO - Running <TaskInstance: dag_setup_infrastructure.create_bronze_tables manual__2026-09-11T10:26:15.328410+00:00 [running]> on host 43d133c4f171
[2026-09-11T10:26:25.538+0000] {taskinstance.py:2644} INFO - Exporting env vars: AIRFLOW_CTX_DAG_OWNER='***' AIRFLOW_CTX_DAG_ID='dag_setup_infrastructure' AIRFLOW_CTX_TASK_ID='create_bronze_tables' AIRFLOW_CTX_EXECUTION_DATE='2026-09-11T10:26:15.328410+00:00' AIRFLOW_CTX_TRY_NUMBER='1' AIRFLOW_CTX_DAG_RUN_ID='manual__2026-09-11T10:26:15.328410+00:00'
[2026-09-11T10:26:25.539+0000] {taskinstance.py:430} INFO - ::endgroup::
[2026-09-11T10:26:25.558+0000] {sql.py:276} INFO - Executing: 
            CREATE TABLE IF NOT EXISTS bronze.anp_landing_mensal (
                regiao_sigla text NULL,
                estado_sigla text NULL,
                municipio text NULL,
                revenda text NULL,
                cnpj_da_revenda text NULL,
                nome_da_rua text NULL,
                numero_rua text NULL,
                complemento text NULL,
                bairro text NULL,
                cep text NULL,
                produto text NULL,
                data_da_coleta text NULL,
                valor_de_venda text NULL,
                valor_de_compra text NULL,
                unidade_de_medida text NULL,
                bandeira text NULL,
                arquivo text NULL,
                ingestion_timestamp timestamp NULL
            );

            CREATE TABLE IF NOT EXISTS bronze.anp_landing_semanal (
                regiao_sigla text NULL,
                estado_sigla text NULL,
                municipio text NULL,
                revenda text NULL,
                cnpj_da_revenda text NULL,
                nome_da_rua text NULL,
                numero_rua text NULL,
                complemento text NULL,
                bairro text NULL,
                cep text NULL,
                produto text NULL,
                data_da_coleta text NULL,
                valor_de_venda text NULL,
                valor_de_compra text NULL,
                unidade_de_medida text NULL,
                bandeira text NULL,
                arquivo text NULL,
                ingestion_timestamp timestamp NULL
            );
        
[2026-09-11T10:26:25.559+0000] {crypto.py:82} WARNING - empty cryptography key - values will not be stored encrypted.
[2026-09-11T10:26:25.560+0000] {base.py:84} INFO - Using connection ID 'postgres_default' for task execution.
[2026-09-11T10:26:25.774+0000] {base.py:84} INFO - Using connection ID 'postgres_default' for task execution.
[2026-09-11T10:26:25.832+0000] {sql.py:457} INFO - Running statement: 
            CREATE TABLE IF NOT EXISTS bronze.anp_landing_mensal (
                regiao_sigla text NULL,
                estado_sigla text NULL,
                municipio text NULL,
                revenda text NULL,
                cnpj_da_revenda text NULL,
                nome_da_rua text NULL,
                numero_rua text NULL,
                complemento text NULL,
                bairro text NULL,
                cep text NULL,
                produto text NULL,
                data_da_coleta text NULL,
                valor_de_venda text NULL,
                valor_de_compra text NULL,
                unidade_de_medida text NULL,
                bandeira text NULL,
                arquivo text NULL,
                ingestion_timestamp timestamp NULL
            );

            CREATE TABLE IF NOT EXISTS bronze.anp_landing_semanal (
                regiao_sigla text NULL,
                estado_sigla text NULL,
                municipio text NULL,
                revenda text NULL,
                cnpj_da_revenda text NULL,
                nome_da_rua text NULL,
                numero_rua text NULL,
                complemento text NULL,
                bairro text NULL,
                cep text NULL,
                produto text NULL,
                data_da_coleta text NULL,
                valor_de_venda text NULL,
                valor_de_compra text NULL,
                unidade_de_medida text NULL,
                bandeira text NULL,
                arquivo text NULL,
                ingestion_timestamp timestamp NULL
            );
        , parameters: None
[2026-09-11T10:26:25.837+0000] {logging_mixin.py:188} WARNING - /home/airflow/.local/lib/python3.12/site-packages/airflow/providers/common/sql/hooks/sql.py:407 AirflowProviderDeprecationWarning: Call to deprecated method _make_common_data_structure. (The `_make_serializable` method is deprecated and support will be removed in a future version of the common.sql provider. Please update the DbApiHook's provider to a version based on common.sql >= 1.9.1.)
[2026-09-11T10:26:25.838+0000] {taskinstance.py:441} INFO - ::group::Post task execution logs
[2026-09-11T10:26:25.930+0000] {taskinstance.py:1205} INFO - Marking task as SUCCESS. dag_id=dag_setup_infrastructure, task_id=create_bronze_tables, execution_date=20260911T102615, start_date=20260911T102624, end_date=20260911T102625
[2026-09-11T10:26:25.986+0000] {local_task_job_runner.py:240} INFO - Task exited with return code 0
[2026-09-11T10:26:26.074+0000] {taskinstance.py:3482} INFO - 0 downstream tasks scheduled from follow-on schedule check
[2026-09-11T10:26:26.079+0000] {local_task_job_runner.py:222} INFO - ::endgroup::

################################################################################
--- TASK EXECUTION: create_buckets ---
################################################################################

[2026-09-11T10:26:16.750+0000] {local_task_job_runner.py:120} INFO - ::group::Pre task execution logs
[2026-09-11T10:26:16.883+0000] {taskinstance.py:2073} INFO - Dependencies all met for dep_context=non-requeueable deps ti=<TaskInstance: dag_setup_infrastructure.create_buckets manual__2026-09-11T10:26:15.328410+00:00 [queued]>
[2026-09-11T10:26:16.901+0000] {taskinstance.py:2073} INFO - Dependencies all met for dep_context=requeueable deps ti=<TaskInstance: dag_setup_infrastructure.create_buckets manual__2026-09-11T10:26:15.328410+00:00 [queued]>
[2026-09-11T10:26:16.907+0000] {taskinstance.py:2303} INFO - Starting attempt 1 of 2
[2026-09-11T10:26:16.939+0000] {taskinstance.py:2327} INFO - Executing <Task(PythonOperator): create_buckets> on 2026-09-11 10:26:15.328410+00:00
[2026-09-11T10:26:16.956+0000] {logging_mixin.py:188} WARNING - /home/airflow/.local/lib/python3.12/site-packages/airflow/task/task_runner/standard_task_runner.py:61 DeprecationWarning: This process (pid=518) is multi-threaded, use of fork() may lead to deadlocks in the child.
[2026-09-11T10:26:16.953+0000] {standard_task_runner.py:90} INFO - Running: ['airflow', 'tasks', 'run', 'dag_setup_infrastructure', 'create_buckets', 'manual__2026-09-11T10:26:15.328410+00:00', '--job-id', '518', '--raw', '--subdir', 'DAGS_FOLDER/dag_setup_lab.py', '--cfg-path', '/tmp/tmpve6chtgp']
[2026-09-11T10:26:16.958+0000] {standard_task_runner.py:63} INFO - Started process 519 to run task
[2026-09-11T10:26:16.958+0000] {standard_task_runner.py:91} INFO - Job 518: Subtask create_buckets
[2026-09-11T10:26:17.236+0000] {task_command.py:426} INFO - Running <TaskInstance: dag_setup_infrastructure.create_buckets manual__2026-09-11T10:26:15.328410+00:00 [running]> on host 43d133c4f171
[2026-09-11T10:26:17.683+0000] {taskinstance.py:2644} INFO - Exporting env vars: AIRFLOW_CTX_DAG_OWNER='***' AIRFLOW_CTX_DAG_ID='dag_setup_infrastructure' AIRFLOW_CTX_TASK_ID='create_buckets' AIRFLOW_CTX_EXECUTION_DATE='2026-09-11T10:26:15.328410+00:00' AIRFLOW_CTX_TRY_NUMBER='1' AIRFLOW_CTX_DAG_RUN_ID='manual__2026-09-11T10:26:15.328410+00:00'
[2026-09-11T10:26:17.685+0000] {taskinstance.py:430} INFO - ::endgroup::
[2026-09-11T10:26:18.050+0000] {s3_client.py:44} INFO - bucket ok [landing]
[2026-09-11T10:26:18.057+0000] {s3_client.py:44} INFO - bucket ok [bronze]
[2026-09-11T10:26:18.064+0000] {s3_client.py:44} INFO - bucket ok [silver]
[2026-09-11T10:26:18.070+0000] {s3_client.py:44} INFO - bucket ok [gold]
[2026-09-11T10:26:18.075+0000] {s3_client.py:44} INFO - bucket ok [audit]
[2026-09-11T10:26:18.077+0000] {python.py:237} INFO - Done. Returned value was: None
[2026-09-11T10:26:18.077+0000] {taskinstance.py:441} INFO - ::group::Post task execution logs
[2026-09-11T10:26:18.165+0000] {taskinstance.py:1205} INFO - Marking task as SUCCESS. dag_id=dag_setup_infrastructure, task_id=create_buckets, execution_date=20260911T102615, start_date=20260911T102616, end_date=20260911T102618
[2026-09-11T10:26:18.257+0000] {local_task_job_runner.py:240} INFO - Task exited with return code 0
[2026-09-11T10:26:18.365+0000] {logging_mixin.py:188} WARNING - /home/airflow/.local/lib/python3.12/site-packages/airflow/models/baseoperator.py:1296 AirflowProviderDeprecationWarning: Call to deprecated class PostgresOperator. (Please use `airflow.providers.common.sql.operators.sql.SQLExecuteQueryOperator`.Also, you can provide `hook_params={'schema': <database>}`.)
[2026-09-11T10:26:18.393+0000] {taskinstance.py:3482} INFO - 0 downstream tasks scheduled from follow-on schedule check
[2026-09-11T10:26:18.411+0000] {local_task_job_runner.py:222} INFO - ::endgroup::

################################################################################
--- TASK EXECUTION: create_ctrl_tables ---
################################################################################

[2026-09-11T10:26:22.106+0000] {local_task_job_runner.py:120} INFO - ::group::Pre task execution logs
[2026-09-11T10:26:22.253+0000] {taskinstance.py:2073} INFO - Dependencies all met for dep_context=non-requeueable deps ti=<TaskInstance: dag_setup_infrastructure.create_ctrl_tables manual__2026-09-11T10:26:15.328410+00:00 [queued]>
[2026-09-11T10:26:22.268+0000] {taskinstance.py:2073} INFO - Dependencies all met for dep_context=requeueable deps ti=<TaskInstance: dag_setup_infrastructure.create_ctrl_tables manual__2026-09-11T10:26:15.328410+00:00 [queued]>
[2026-09-11T10:26:22.272+0000] {taskinstance.py:2303} INFO - Starting attempt 1 of 2
[2026-09-11T10:26:22.300+0000] {taskinstance.py:2327} INFO - Executing <Task(PostgresOperator): create_ctrl_tables> on 2026-09-11 10:26:15.328410+00:00
[2026-09-11T10:26:22.310+0000] {standard_task_runner.py:90} INFO - Running: ['airflow', 'tasks', 'run', 'dag_setup_infrastructure', 'create_ctrl_tables', 'manual__2026-09-11T10:26:15.328410+00:00', '--job-id', '520', '--raw', '--subdir', 'DAGS_FOLDER/dag_setup_lab.py', '--cfg-path', '/tmp/tmp1nbk48xd']
[2026-09-11T10:26:22.315+0000] {standard_task_runner.py:91} INFO - Job 520: Subtask create_ctrl_tables
[2026-09-11T10:26:22.324+0000] {logging_mixin.py:188} WARNING - /home/airflow/.local/lib/python3.12/site-packages/airflow/task/task_runner/standard_task_runner.py:61 DeprecationWarning: This process (pid=527) is multi-threaded, use of fork() may lead to deadlocks in the child.
[2026-09-11T10:26:22.325+0000] {standard_task_runner.py:63} INFO - Started process 528 to run task
[2026-09-11T10:26:22.617+0000] {task_command.py:426} INFO - Running <TaskInstance: dag_setup_infrastructure.create_ctrl_tables manual__2026-09-11T10:26:15.328410+00:00 [running]> on host 43d133c4f171
[2026-09-11T10:26:23.121+0000] {taskinstance.py:2644} INFO - Exporting env vars: AIRFLOW_CTX_DAG_OWNER='***' AIRFLOW_CTX_DAG_ID='dag_setup_infrastructure' AIRFLOW_CTX_TASK_ID='create_ctrl_tables' AIRFLOW_CTX_EXECUTION_DATE='2026-09-11T10:26:15.328410+00:00' AIRFLOW_CTX_TRY_NUMBER='1' AIRFLOW_CTX_DAG_RUN_ID='manual__2026-09-11T10:26:15.328410+00:00'
[2026-09-11T10:26:23.123+0000] {taskinstance.py:430} INFO - ::endgroup::
[2026-09-11T10:26:23.147+0000] {sql.py:276} INFO - Executing: 
            CREATE TABLE IF NOT EXISTS ctrl.anp_metadata_mensal (
                cat varchar(20) NOT NULL,
                "ref" varchar(6) NOT NULL,
                "month" int4 NOT NULL,
                "year" int4 NOT NULL,
                file_name varchar(255) NOT NULL,
                url_source text NOT NULL,
                download_date timestamp DEFAULT CURRENT_TIMESTAMP NULL,
                link_name varchar(30) NULL,
                CONSTRAINT pk_control_anp PRIMARY KEY (cat, ref)
            );

            CREATE TABLE IF NOT EXISTS ctrl.anp_metadata_semanal (
                data_ref date NULL,
                data_dag_run timestamp NULL,
                status varchar NULL
            );

            CREATE TABLE IF NOT EXISTS audit.dbt_runs (
                run_timestamp timestamp NULL,
                invocation_id text NOT NULL,
                node_id text NOT NULL,
                status text NULL,
                execution_time_sec float8 NULL,
                failures int4 NULL,
                message text NULL,
                resource_type text NULL,
                "database" text NULL,
                schema_layer text NULL,
                "materialized" text NULL,
                tags text NULL,
                data_carga timestamp NULL,
                CONSTRAINT dbt_runs_pkey PRIMARY KEY (invocation_id, node_id)
            );
        
[2026-09-11T10:26:23.149+0000] {crypto.py:82} WARNING - empty cryptography key - values will not be stored encrypted.
[2026-09-11T10:26:23.150+0000] {base.py:84} INFO - Using connection ID 'postgres_default' for task execution.
[2026-09-11T10:26:23.370+0000] {base.py:84} INFO - Using connection ID 'postgres_default' for task execution.
[2026-09-11T10:26:23.443+0000] {sql.py:457} INFO - Running statement: 
            CREATE TABLE IF NOT EXISTS ctrl.anp_metadata_mensal (
                cat varchar(20) NOT NULL,
                "ref" varchar(6) NOT NULL,
                "month" int4 NOT NULL,
                "year" int4 NOT NULL,
                file_name varchar(255) NOT NULL,
                url_source text NOT NULL,
                download_date timestamp DEFAULT CURRENT_TIMESTAMP NULL,
                link_name varchar(30) NULL,
                CONSTRAINT pk_control_anp PRIMARY KEY (cat, ref)
            );

            CREATE TABLE IF NOT EXISTS ctrl.anp_metadata_semanal (
                data_ref date NULL,
                data_dag_run timestamp NULL,
                status varchar NULL
            );

            CREATE TABLE IF NOT EXISTS audit.dbt_runs (
                run_timestamp timestamp NULL,
                invocation_id text NOT NULL,
                node_id text NOT NULL,
                status text NULL,
                execution_time_sec float8 NULL,
                failures int4 NULL,
                message text NULL,
                resource_type text NULL,
                "database" text NULL,
                schema_layer text NULL,
                "materialized" text NULL,
                tags text NULL,
                data_carga timestamp NULL,
                CONSTRAINT dbt_runs_pkey PRIMARY KEY (invocation_id, node_id)
            );
        , parameters: None
[2026-09-11T10:26:23.458+0000] {logging_mixin.py:188} WARNING - /home/airflow/.local/lib/python3.12/site-packages/airflow/providers/common/sql/hooks/sql.py:407 AirflowProviderDeprecationWarning: Call to deprecated method _make_common_data_structure. (The `_make_serializable` method is deprecated and support will be removed in a future version of the common.sql provider. Please update the DbApiHook's provider to a version based on common.sql >= 1.9.1.)
[2026-09-11T10:26:23.460+0000] {taskinstance.py:441} INFO - ::group::Post task execution logs
[2026-09-11T10:26:23.601+0000] {taskinstance.py:1205} INFO - Marking task as SUCCESS. dag_id=dag_setup_infrastructure, task_id=create_ctrl_tables, execution_date=20260911T102615, start_date=20260911T102622, end_date=20260911T102623
[2026-09-11T10:26:23.664+0000] {local_task_job_runner.py:240} INFO - Task exited with return code 0
[2026-09-11T10:26:23.739+0000] {logging_mixin.py:188} WARNING - /home/airflow/.local/lib/python3.12/site-packages/airflow/models/baseoperator.py:1296 AirflowProviderDeprecationWarning: Call to deprecated class PostgresOperator. (Please use `airflow.providers.common.sql.operators.sql.SQLExecuteQueryOperator`.Also, you can provide `hook_params={'schema': <database>}`.)
[2026-09-11T10:26:23.762+0000] {taskinstance.py:3482} INFO - 1 downstream tasks scheduled from follow-on schedule check
[2026-09-11T10:26:23.766+0000] {local_task_job_runner.py:222} INFO - ::endgroup::

################################################################################
--- TASK EXECUTION: create_schemas ---
################################################################################

[2026-09-11T10:26:18.988+0000] {local_task_job_runner.py:120} INFO - ::group::Pre task execution logs
[2026-09-11T10:26:19.096+0000] {taskinstance.py:2073} INFO - Dependencies all met for dep_context=non-requeueable deps ti=<TaskInstance: dag_setup_infrastructure.create_schemas manual__2026-09-11T10:26:15.328410+00:00 [queued]>
[2026-09-11T10:26:19.110+0000] {taskinstance.py:2073} INFO - Dependencies all met for dep_context=requeueable deps ti=<TaskInstance: dag_setup_infrastructure.create_schemas manual__2026-09-11T10:26:15.328410+00:00 [queued]>
[2026-09-11T10:26:19.112+0000] {taskinstance.py:2303} INFO - Starting attempt 1 of 2
[2026-09-11T10:26:19.142+0000] {taskinstance.py:2327} INFO - Executing <Task(PostgresOperator): create_schemas> on 2026-09-11 10:26:15.328410+00:00
[2026-09-11T10:26:19.151+0000] {standard_task_runner.py:90} INFO - Running: ['airflow', 'tasks', 'run', 'dag_setup_infrastructure', 'create_schemas', 'manual__2026-09-11T10:26:15.328410+00:00', '--job-id', '519', '--raw', '--subdir', 'DAGS_FOLDER/dag_setup_lab.py', '--cfg-path', '/tmp/tmphxqjslkc']
[2026-09-11T10:26:19.155+0000] {logging_mixin.py:188} WARNING - /home/airflow/.local/lib/python3.12/site-packages/airflow/task/task_runner/standard_task_runner.py:61 DeprecationWarning: This process (pid=520) is multi-threaded, use of fork() may lead to deadlocks in the child.
[2026-09-11T10:26:19.156+0000] {standard_task_runner.py:91} INFO - Job 519: Subtask create_schemas
[2026-09-11T10:26:19.156+0000] {standard_task_runner.py:63} INFO - Started process 521 to run task
[2026-09-11T10:26:19.407+0000] {task_command.py:426} INFO - Running <TaskInstance: dag_setup_infrastructure.create_schemas manual__2026-09-11T10:26:15.328410+00:00 [running]> on host 43d133c4f171
[2026-09-11T10:26:19.842+0000] {taskinstance.py:2644} INFO - Exporting env vars: AIRFLOW_CTX_DAG_OWNER='***' AIRFLOW_CTX_DAG_ID='dag_setup_infrastructure' AIRFLOW_CTX_TASK_ID='create_schemas' AIRFLOW_CTX_EXECUTION_DATE='2026-09-11T10:26:15.328410+00:00' AIRFLOW_CTX_TRY_NUMBER='1' AIRFLOW_CTX_DAG_RUN_ID='manual__2026-09-11T10:26:15.328410+00:00'
[2026-09-11T10:26:19.843+0000] {taskinstance.py:430} INFO - ::endgroup::
[2026-09-11T10:26:19.861+0000] {sql.py:276} INFO - Executing: 
            CREATE SCHEMA IF NOT EXISTS ctrl;
            CREATE SCHEMA IF NOT EXISTS audit;
            CREATE SCHEMA IF NOT EXISTS bronze;
            CREATE SCHEMA IF NOT EXISTS silver;
            CREATE SCHEMA IF NOT EXISTS gold;
        
[2026-09-11T10:26:19.862+0000] {crypto.py:82} WARNING - empty cryptography key - values will not be stored encrypted.
[2026-09-11T10:26:19.863+0000] {base.py:84} INFO - Using connection ID 'postgres_default' for task execution.
[2026-09-11T10:26:20.078+0000] {base.py:84} INFO - Using connection ID 'postgres_default' for task execution.
[2026-09-11T10:26:20.157+0000] {sql.py:457} INFO - Running statement: 
            CREATE SCHEMA IF NOT EXISTS ctrl;
            CREATE SCHEMA IF NOT EXISTS audit;
            CREATE SCHEMA IF NOT EXISTS bronze;
            CREATE SCHEMA IF NOT EXISTS silver;
            CREATE SCHEMA IF NOT EXISTS gold;
        , parameters: None
[2026-09-11T10:26:20.177+0000] {logging_mixin.py:188} WARNING - /home/airflow/.local/lib/python3.12/site-packages/airflow/providers/common/sql/hooks/sql.py:407 AirflowProviderDeprecationWarning: Call to deprecated method _make_common_data_structure. (The `_make_serializable` method is deprecated and support will be removed in a future version of the common.sql provider. Please update the DbApiHook's provider to a version based on common.sql >= 1.9.1.)
[2026-09-11T10:26:20.178+0000] {taskinstance.py:441} INFO - ::group::Post task execution logs
[2026-09-11T10:26:20.251+0000] {taskinstance.py:1205} INFO - Marking task as SUCCESS. dag_id=dag_setup_infrastructure, task_id=create_schemas, execution_date=20260911T102615, start_date=20260911T102619, end_date=20260911T102620
[2026-09-11T10:26:20.335+0000] {local_task_job_runner.py:240} INFO - Task exited with return code 0
[2026-09-11T10:26:20.408+0000] {logging_mixin.py:188} WARNING - /home/airflow/.local/lib/python3.12/site-packages/airflow/models/baseoperator.py:1296 AirflowProviderDeprecationWarning: Call to deprecated class PostgresOperator. (Please use `airflow.providers.common.sql.operators.sql.SQLExecuteQueryOperator`.Also, you can provide `hook_params={'schema': <database>}`.)
[2026-09-11T10:26:20.437+0000] {taskinstance.py:3482} INFO - 1 downstream tasks scheduled from follow-on schedule check
[2026-09-11T10:26:20.447+0000] {local_task_job_runner.py:222} INFO - ::endgroup::
